src/queues/thumbnail.queue.ts(22,13): error TS2353: Object literal may only specify known properties, and 'group' does not exist in type 'JobsOptions'.
src/sockets/socket.service.ts(3,17): error TS2307: Cannot find module 'jsonwebtoken' or its corresponding type declarations.
src/worker.ts(4,37): error TS2307: Cannot find module './thumbnail.worker.js' or its corresponding type declarations.
src/workers/thumbnail.worker.ts(54,27): error TS2345: Argument of type 'Promise<OutputInfo>' is not assignable to parameter of type 'WritableStream'.
  Type 'Promise<OutputInfo>' is missing the following properties from type 'WritableStream': writable, write, end, addListener, and 14 more.
